Archive member included to satisfy reference by file (symbol)

g:/courses/arm (ahmed-assaf)/new folder/imt_arm_course/02- tools/03- imt sdk/imt_sdk_win_64/winarm/armgcc/bin/../lib/gcc/arm-none-eabi/7.2.1/thumb/v7e-m\libgcc.a(_aeabi_ldivmod.o)
                              ./src/MCAL/UART/UART_program.o (__aeabi_ldivmod)
g:/courses/arm (ahmed-assaf)/new folder/imt_arm_course/02- tools/03- imt sdk/imt_sdk_win_64/winarm/armgcc/bin/../lib/gcc/arm-none-eabi/7.2.1/thumb/v7e-m\libgcc.a(_aeabi_uldivmod.o)
                              ./src/MCAL/UART/UART_program.o (__aeabi_uldivmod)
g:/courses/arm (ahmed-assaf)/new folder/imt_arm_course/02- tools/03- imt sdk/imt_sdk_win_64/winarm/armgcc/bin/../lib/gcc/arm-none-eabi/7.2.1/thumb/v7e-m\libgcc.a(_udivmoddi4.o)
                              g:/courses/arm (ahmed-assaf)/new folder/imt_arm_course/02- tools/03- imt sdk/imt_sdk_win_64/winarm/armgcc/bin/../lib/gcc/arm-none-eabi/7.2.1/thumb/v7e-m\libgcc.a(_aeabi_ldivmod.o) (__udivmoddi4)
g:/courses/arm (ahmed-assaf)/new folder/imt_arm_course/02- tools/03- imt sdk/imt_sdk_win_64/winarm/armgcc/bin/../lib/gcc/arm-none-eabi/7.2.1/thumb/v7e-m\libgcc.a(_dvmd_tls.o)
                              g:/courses/arm (ahmed-assaf)/new folder/imt_arm_course/02- tools/03- imt sdk/imt_sdk_win_64/winarm/armgcc/bin/../lib/gcc/arm-none-eabi/7.2.1/thumb/v7e-m\libgcc.a(_aeabi_ldivmod.o) (__aeabi_ldiv0)
g:/courses/arm (ahmed-assaf)/new folder/imt_arm_course/02- tools/03- imt sdk/imt_sdk_win_64/winarm/armgcc/bin/../lib/gcc/arm-none-eabi/7.2.1/../../../../arm-none-eabi/lib/thumb/v7e-m\libg_nano.a(lib_a-errno.o)
                              ./system/src/newlib/_sbrk.o (__errno)
g:/courses/arm (ahmed-assaf)/new folder/imt_arm_course/02- tools/03- imt sdk/imt_sdk_win_64/winarm/armgcc/bin/../lib/gcc/arm-none-eabi/7.2.1/../../../../arm-none-eabi/lib/thumb/v7e-m\libg_nano.a(lib_a-impure.o)
                              g:/courses/arm (ahmed-assaf)/new folder/imt_arm_course/02- tools/03- imt sdk/imt_sdk_win_64/winarm/armgcc/bin/../lib/gcc/arm-none-eabi/7.2.1/../../../../arm-none-eabi/lib/thumb/v7e-m\libg_nano.a(lib_a-errno.o) (_impure_ptr)

Allocating common symbols
Common symbol       size              file

errno               0x4               ./system/src/newlib/_syscalls.o
uwTick              0x4               ./system/src/stm32f4-hal/stm32f4xx_hal.o
pFlash              0x20              ./system/src/stm32f4-hal/stm32f4xx_hal_flash.o
DataBuffer          0xc8              ./src/APP/HexParser/HexParser_prg.o
Global_pu8RxBuffer  0x32              ./src/main.o

Discarded input sections

 .text          0x00000000        0x0 ./system/src/stm32f4-hal/stm32f4xx_hal.o
 .data          0x00000000        0x0 ./system/src/stm32f4-hal/stm32f4xx_hal.o
 .bss           0x00000000        0x0 ./system/src/stm32f4-hal/stm32f4xx_hal.o
 .text.HAL_MspInit
                0x00000000        0x2 ./system/src/stm32f4-hal/stm32f4xx_hal.o
 .text.HAL_MspDeInit
                0x00000000        0x2 ./system/src/stm32f4-hal/stm32f4xx_hal.o
 .text.HAL_DeInit
                0x00000000       0x2c ./system/src/stm32f4-hal/stm32f4xx_hal.o
 .text.HAL_IncTick
                0x00000000       0x10 ./system/src/stm32f4-hal/stm32f4xx_hal.o
 .text.HAL_Delay
                0x00000000       0x1a ./system/src/stm32f4-hal/stm32f4xx_hal.o
 .text.HAL_SuspendTick
                0x00000000       0x10 ./system/src/stm32f4-hal/stm32f4xx_hal.o
 .text.HAL_ResumeTick
                0x00000000       0x10 ./system/src/stm32f4-hal/stm32f4xx_hal.o
 .text.HAL_GetHalVersion
                0x00000000        0x8 ./system/src/stm32f4-hal/stm32f4xx_hal.o
 .text.HAL_GetREVID
                0x00000000        0xc ./system/src/stm32f4-hal/stm32f4xx_hal.o
 .text.HAL_GetDEVID
                0x00000000       0x10 ./system/src/stm32f4-hal/stm32f4xx_hal.o
 .text.HAL_DBGMCU_EnableDBGSleepMode
                0x00000000       0x10 ./system/src/stm32f4-hal/stm32f4xx_hal.o
 .text.HAL_DBGMCU_DisableDBGSleepMode
                0x00000000       0x10 ./system/src/stm32f4-hal/stm32f4xx_hal.o
 .text.HAL_DBGMCU_EnableDBGStopMode
                0x00000000       0x10 ./system/src/stm32f4-hal/stm32f4xx_hal.o
 .text.HAL_DBGMCU_DisableDBGStopMode
                0x00000000       0x10 ./system/src/stm32f4-hal/stm32f4xx_hal.o
 .text.HAL_DBGMCU_EnableDBGStandbyMode
                0x00000000       0x10 ./system/src/stm32f4-hal/stm32f4xx_hal.o
 .text.HAL_DBGMCU_DisableDBGStandbyMode
                0x00000000       0x10 ./system/src/stm32f4-hal/stm32f4xx_hal.o
 .text.HAL_EnableCompensationCell
                0x00000000       0x18 ./system/src/stm32f4-hal/stm32f4xx_hal.o
 .text.HAL_DisableCompensationCell
                0x00000000       0x1c ./system/src/stm32f4-hal/stm32f4xx_hal.o
 .text          0x00000000        0x0 ./system/src/stm32f4-hal/stm32f4xx_hal_cortex.o
 .data          0x00000000        0x0 ./system/src/stm32f4-hal/stm32f4xx_hal_cortex.o
 .bss           0x00000000        0x0 ./system/src/stm32f4-hal/stm32f4xx_hal_cortex.o
 .text.HAL_NVIC_EnableIRQ
                0x00000000       0x18 ./system/src/stm32f4-hal/stm32f4xx_hal_cortex.o
 .text.HAL_NVIC_DisableIRQ
                0x00000000       0x1c ./system/src/stm32f4-hal/stm32f4xx_hal_cortex.o
 .text.HAL_NVIC_SystemReset
                0x00000000       0x24 ./system/src/stm32f4-hal/stm32f4xx_hal_cortex.o
 .text.HAL_MPU_ConfigRegion
                0x00000000       0x50 ./system/src/stm32f4-hal/stm32f4xx_hal_cortex.o
 .text.HAL_NVIC_GetPriorityGrouping
                0x00000000       0x10 ./system/src/stm32f4-hal/stm32f4xx_hal_cortex.o
 .text.HAL_NVIC_GetPriority
                0x00000000       0x5c ./system/src/stm32f4-hal/stm32f4xx_hal_cortex.o
 .text.HAL_NVIC_SetPendingIRQ
                0x00000000       0x1c ./system/src/stm32f4-hal/stm32f4xx_hal_cortex.o
 .text.HAL_NVIC_GetPendingIRQ
                0x00000000       0x1c ./system/src/stm32f4-hal/stm32f4xx_hal_cortex.o
 .text.HAL_NVIC_ClearPendingIRQ
                0x00000000       0x1c ./system/src/stm32f4-hal/stm32f4xx_hal_cortex.o
 .text.HAL_NVIC_GetActive
                0x00000000       0x1c ./system/src/stm32f4-hal/stm32f4xx_hal_cortex.o
 .text.HAL_SYSTICK_Callback
                0x00000000        0x2 ./system/src/stm32f4-hal/stm32f4xx_hal_cortex.o
 .text.HAL_SYSTICK_IRQHandler
                0x00000000        0x8 ./system/src/stm32f4-hal/stm32f4xx_hal_cortex.o
 .text          0x00000000        0x0 ./system/src/stm32f4-hal/stm32f4xx_hal_dfsdm.o
 .data          0x00000000        0x0 ./system/src/stm32f4-hal/stm32f4xx_hal_dfsdm.o
 .bss           0x00000000        0x0 ./system/src/stm32f4-hal/stm32f4xx_hal_dfsdm.o
 .debug_info    0x00000000      0x8bf ./system/src/stm32f4-hal/stm32f4xx_hal_dfsdm.o
 .debug_abbrev  0x00000000      0x192 ./system/src/stm32f4-hal/stm32f4xx_hal_dfsdm.o
 .debug_aranges
                0x00000000       0x18 ./system/src/stm32f4-hal/stm32f4xx_hal_dfsdm.o
 .debug_line    0x00000000      0x1a8 ./system/src/stm32f4-hal/stm32f4xx_hal_dfsdm.o
 .debug_str     0x00000000      0x5e5 ./system/src/stm32f4-hal/stm32f4xx_hal_dfsdm.o
 .comment       0x00000000       0x7f ./system/src/stm32f4-hal/stm32f4xx_hal_dfsdm.o
 .ARM.attributes
                0x00000000       0x33 ./system/src/stm32f4-hal/stm32f4xx_hal_dfsdm.o
 .text          0x00000000        0x0 ./system/src/stm32f4-hal/stm32f4xx_hal_flash.o
 .data          0x00000000        0x0 ./system/src/stm32f4-hal/stm32f4xx_hal_flash.o
 .bss           0x00000000        0x0 ./system/src/stm32f4-hal/stm32f4xx_hal_flash.o
 .text.FLASH_Program_Word
                0x00000000       0x24 ./system/src/stm32f4-hal/stm32f4xx_hal_flash.o
 .text.FLASH_Program_HalfWord
                0x00000000       0x24 ./system/src/stm32f4-hal/stm32f4xx_hal_flash.o
 .text.FLASH_SetErrorCode
                0x00000000       0x8c ./system/src/stm32f4-hal/stm32f4xx_hal_flash.o
 .text.HAL_FLASH_Program_IT
                0x00000000       0x90 ./system/src/stm32f4-hal/stm32f4xx_hal_flash.o
 .text.HAL_FLASH_EndOfOperationCallback
                0x00000000        0x2 ./system/src/stm32f4-hal/stm32f4xx_hal_flash.o
 .text.HAL_FLASH_OperationErrorCallback
                0x00000000        0x2 ./system/src/stm32f4-hal/stm32f4xx_hal_flash.o
 .text.HAL_FLASH_IRQHandler
                0x00000000       0xc8 ./system/src/stm32f4-hal/stm32f4xx_hal_flash.o
 .text.HAL_FLASH_Unlock
                0x00000000       0x24 ./system/src/stm32f4-hal/stm32f4xx_hal_flash.o
 .text.HAL_FLASH_Lock
                0x00000000       0x14 ./system/src/stm32f4-hal/stm32f4xx_hal_flash.o
 .text.HAL_FLASH_OB_Unlock
                0x00000000       0x24 ./system/src/stm32f4-hal/stm32f4xx_hal_flash.o
 .text.HAL_FLASH_OB_Lock
                0x00000000       0x14 ./system/src/stm32f4-hal/stm32f4xx_hal_flash.o
 .text.HAL_FLASH_GetError
                0x00000000        0xc ./system/src/stm32f4-hal/stm32f4xx_hal_flash.o
 .text.FLASH_WaitForLastOperation
                0x00000000       0x5c ./system/src/stm32f4-hal/stm32f4xx_hal_flash.o
 .text.HAL_FLASH_Program
                0x00000000       0xa8 ./system/src/stm32f4-hal/stm32f4xx_hal_flash.o
 .text.HAL_FLASH_OB_Launch
                0x00000000       0x18 ./system/src/stm32f4-hal/stm32f4xx_hal_flash.o
 .debug_info    0x00000000      0xef6 ./system/src/stm32f4-hal/stm32f4xx_hal_flash.o
 .debug_abbrev  0x00000000      0x3c5 ./system/src/stm32f4-hal/stm32f4xx_hal_flash.o
 .debug_loc     0x00000000      0x2ac ./system/src/stm32f4-hal/stm32f4xx_hal_flash.o
 .debug_aranges
                0x00000000       0x88 ./system/src/stm32f4-hal/stm32f4xx_hal_flash.o
 .debug_ranges  0x00000000       0xa8 ./system/src/stm32f4-hal/stm32f4xx_hal_flash.o
 .debug_line    0x00000000      0x476 ./system/src/stm32f4-hal/stm32f4xx_hal_flash.o
 .debug_str     0x00000000      0x943 ./system/src/stm32f4-hal/stm32f4xx_hal_flash.o
 .comment       0x00000000       0x7f ./system/src/stm32f4-hal/stm32f4xx_hal_flash.o
 .debug_frame   0x00000000      0x13c ./system/src/stm32f4-hal/stm32f4xx_hal_flash.o
 .ARM.attributes
                0x00000000       0x33 ./system/src/stm32f4-hal/stm32f4xx_hal_flash.o
 COMMON         0x00000000       0x20 ./system/src/stm32f4-hal/stm32f4xx_hal_flash.o
 .text          0x00000000        0x0 ./system/src/stm32f4-hal/stm32f4xx_hal_gpio.o
 .data          0x00000000        0x0 ./system/src/stm32f4-hal/stm32f4xx_hal_gpio.o
 .bss           0x00000000        0x0 ./system/src/stm32f4-hal/stm32f4xx_hal_gpio.o
 .text.HAL_GPIO_Init
                0x00000000      0x1ac ./system/src/stm32f4-hal/stm32f4xx_hal_gpio.o
 .text.HAL_GPIO_DeInit
                0x00000000       0xec ./system/src/stm32f4-hal/stm32f4xx_hal_gpio.o
 .text.HAL_GPIO_ReadPin
                0x00000000        0xc ./system/src/stm32f4-hal/stm32f4xx_hal_gpio.o
 .text.HAL_GPIO_WritePin
                0x00000000        0xa ./system/src/stm32f4-hal/stm32f4xx_hal_gpio.o
 .text.HAL_GPIO_TogglePin
                0x00000000        0x8 ./system/src/stm32f4-hal/stm32f4xx_hal_gpio.o
 .text.HAL_GPIO_LockPin
                0x00000000       0x2a ./system/src/stm32f4-hal/stm32f4xx_hal_gpio.o
 .text.HAL_GPIO_EXTI_Callback
                0x00000000        0x2 ./system/src/stm32f4-hal/stm32f4xx_hal_gpio.o
 .text.HAL_GPIO_EXTI_IRQHandler
                0x00000000       0x18 ./system/src/stm32f4-hal/stm32f4xx_hal_gpio.o
 .debug_info    0x00000000      0xf4d ./system/src/stm32f4-hal/stm32f4xx_hal_gpio.o
 .debug_abbrev  0x00000000      0x2a2 ./system/src/stm32f4-hal/stm32f4xx_hal_gpio.o
 .debug_loc     0x00000000      0x381 ./system/src/stm32f4-hal/stm32f4xx_hal_gpio.o
 .debug_aranges
                0x00000000       0x58 ./system/src/stm32f4-hal/stm32f4xx_hal_gpio.o
 .debug_ranges  0x00000000       0x68 ./system/src/stm32f4-hal/stm32f4xx_hal_gpio.o
 .debug_line    0x00000000      0x3f7 ./system/src/stm32f4-hal/stm32f4xx_hal_gpio.o
 .debug_str     0x00000000      0x8fc ./system/src/stm32f4-hal/stm32f4xx_hal_gpio.o
 .comment       0x00000000       0x7f ./system/src/stm32f4-hal/stm32f4xx_hal_gpio.o
 .debug_frame   0x00000000       0xd8 ./system/src/stm32f4-hal/stm32f4xx_hal_gpio.o
 .ARM.attributes
                0x00000000       0x33 ./system/src/stm32f4-hal/stm32f4xx_hal_gpio.o
 .text          0x00000000        0x0 ./system/src/stm32f4-hal/stm32f4xx_hal_iwdg.o
 .data          0x00000000        0x0 ./system/src/stm32f4-hal/stm32f4xx_hal_iwdg.o
 .bss           0x00000000        0x0 ./system/src/stm32f4-hal/stm32f4xx_hal_iwdg.o
 .text.HAL_IWDG_Init
                0x00000000       0x42 ./system/src/stm32f4-hal/stm32f4xx_hal_iwdg.o
 .text.HAL_IWDG_Refresh
                0x00000000        0xc ./system/src/stm32f4-hal/stm32f4xx_hal_iwdg.o
 .debug_info    0x00000000      0xa40 ./system/src/stm32f4-hal/stm32f4xx_hal_iwdg.o
 .debug_abbrev  0x00000000      0x21e ./system/src/stm32f4-hal/stm32f4xx_hal_iwdg.o
 .debug_loc     0x00000000       0x73 ./system/src/stm32f4-hal/stm32f4xx_hal_iwdg.o
 .debug_aranges
                0x00000000       0x28 ./system/src/stm32f4-hal/stm32f4xx_hal_iwdg.o
 .debug_ranges  0x00000000       0x18 ./system/src/stm32f4-hal/stm32f4xx_hal_iwdg.o
 .debug_line    0x00000000      0x290 ./system/src/stm32f4-hal/stm32f4xx_hal_iwdg.o
 .debug_str     0x00000000      0x6ad ./system/src/stm32f4-hal/stm32f4xx_hal_iwdg.o
 .comment       0x00000000       0x7f ./system/src/stm32f4-hal/stm32f4xx_hal_iwdg.o
 .debug_frame   0x00000000       0x3c ./system/src/stm32f4-hal/stm32f4xx_hal_iwdg.o
 .ARM.attributes
                0x00000000       0x33 ./system/src/stm32f4-hal/stm32f4xx_hal_iwdg.o
 .text          0x00000000        0x0 ./system/src/stm32f4-hal/stm32f4xx_hal_pwr.o
 .data          0x00000000        0x0 ./system/src/stm32f4-hal/stm32f4xx_hal_pwr.o
 .bss           0x00000000        0x0 ./system/src/stm32f4-hal/stm32f4xx_hal_pwr.o
 .text.HAL_PWR_DeInit
                0x00000000       0x18 ./system/src/stm32f4-hal/stm32f4xx_hal_pwr.o
 .text.HAL_PWR_EnableBkUpAccess
                0x00000000       0x1c ./system/src/stm32f4-hal/stm32f4xx_hal_pwr.o
 .text.HAL_PWR_DisableBkUpAccess
                0x00000000       0x1c ./system/src/stm32f4-hal/stm32f4xx_hal_pwr.o
 .text.HAL_PWR_ConfigPVD
                0x00000000       0x70 ./system/src/stm32f4-hal/stm32f4xx_hal_pwr.o
 .text.HAL_PWR_EnablePVD
                0x00000000       0x1a ./system/src/stm32f4-hal/stm32f4xx_hal_pwr.o
 .text.HAL_PWR_DisablePVD
                0x00000000       0x1a ./system/src/stm32f4-hal/stm32f4xx_hal_pwr.o
 .text.HAL_PWR_EnableWakeUpPin
                0x00000000       0x10 ./system/src/stm32f4-hal/stm32f4xx_hal_pwr.o
 .text.HAL_PWR_DisableWakeUpPin
                0x00000000       0x10 ./system/src/stm32f4-hal/stm32f4xx_hal_pwr.o
 .text.HAL_PWR_EnterSLEEPMode
                0x00000000       0x20 ./system/src/stm32f4-hal/stm32f4xx_hal_pwr.o
 .text.HAL_PWR_EnterSTOPMode
                0x00000000       0x38 ./system/src/stm32f4-hal/stm32f4xx_hal_pwr.o
 .text.HAL_PWR_EnterSTANDBYMode
                0x00000000       0x20 ./system/src/stm32f4-hal/stm32f4xx_hal_pwr.o
 .text.HAL_PWR_PVDCallback
                0x00000000        0x2 ./system/src/stm32f4-hal/stm32f4xx_hal_pwr.o
 .text.HAL_PWR_PVD_IRQHandler
                0x00000000       0x1c ./system/src/stm32f4-hal/stm32f4xx_hal_pwr.o
 .text.HAL_PWR_EnableSleepOnExit
                0x00000000       0x10 ./system/src/stm32f4-hal/stm32f4xx_hal_pwr.o
 .text.HAL_PWR_DisableSleepOnExit
                0x00000000       0x10 ./system/src/stm32f4-hal/stm32f4xx_hal_pwr.o
 .text.HAL_PWR_EnableSEVOnPend
                0x00000000       0x10 ./system/src/stm32f4-hal/stm32f4xx_hal_pwr.o
 .text.HAL_PWR_DisableSEVOnPend
                0x00000000       0x10 ./system/src/stm32f4-hal/stm32f4xx_hal_pwr.o
 .debug_info    0x00000000     0x1098 ./system/src/stm32f4-hal/stm32f4xx_hal_pwr.o
 .debug_abbrev  0x00000000      0x2d7 ./system/src/stm32f4-hal/stm32f4xx_hal_pwr.o
 .debug_loc     0x00000000       0xd8 ./system/src/stm32f4-hal/stm32f4xx_hal_pwr.o
 .debug_aranges
                0x00000000       0xa0 ./system/src/stm32f4-hal/stm32f4xx_hal_pwr.o
 .debug_ranges  0x00000000       0x90 ./system/src/stm32f4-hal/stm32f4xx_hal_pwr.o
 .debug_line    0x00000000      0x3e0 ./system/src/stm32f4-hal/stm32f4xx_hal_pwr.o
 .debug_str     0x00000000      0x984 ./system/src/stm32f4-hal/stm32f4xx_hal_pwr.o
 .comment       0x00000000       0x7f ./system/src/stm32f4-hal/stm32f4xx_hal_pwr.o
 .debug_frame   0x00000000      0x128 ./system/src/stm32f4-hal/stm32f4xx_hal_pwr.o
 .ARM.attributes
                0x00000000       0x33 ./system/src/stm32f4-hal/stm32f4xx_hal_pwr.o
 .text          0x00000000        0x0 ./system/src/stm32f4-hal/stm32f4xx_hal_rcc.o
 .data          0x00000000        0x0 ./system/src/stm32f4-hal/stm32f4xx_hal_rcc.o
 .bss           0x00000000        0x0 ./system/src/stm32f4-hal/stm32f4xx_hal_rcc.o
 .text.HAL_RCC_DeInit
                0x00000000        0x2 ./system/src/stm32f4-hal/stm32f4xx_hal_rcc.o
 .text.HAL_RCC_MCOConfig
                0x00000000       0x94 ./system/src/stm32f4-hal/stm32f4xx_hal_rcc.o
 .text.HAL_RCC_EnableCSS
                0x00000000        0xc ./system/src/stm32f4-hal/stm32f4xx_hal_rcc.o
 .text.HAL_RCC_DisableCSS
                0x00000000        0xc ./system/src/stm32f4-hal/stm32f4xx_hal_rcc.o
 .text.HAL_RCC_GetPCLK1Freq
                0x00000000       0x30 ./system/src/stm32f4-hal/stm32f4xx_hal_rcc.o
 .text.HAL_RCC_GetPCLK2Freq
                0x00000000       0x30 ./system/src/stm32f4-hal/stm32f4xx_hal_rcc.o
 .text.HAL_RCC_GetOscConfig
                0x00000000       0xcc ./system/src/stm32f4-hal/stm32f4xx_hal_rcc.o
 .text.HAL_RCC_GetClockConfig
                0x00000000       0x3c ./system/src/stm32f4-hal/stm32f4xx_hal_rcc.o
 .text.HAL_RCC_CSSCallback
                0x00000000        0x2 ./system/src/stm32f4-hal/stm32f4xx_hal_rcc.o
 .text.HAL_RCC_NMI_IRQHandler
                0x00000000       0x20 ./system/src/stm32f4-hal/stm32f4xx_hal_rcc.o
 .text          0x00000000        0x0 ./system/src/newlib/_cxx.o
 .data          0x00000000        0x0 ./system/src/newlib/_cxx.o
 .bss           0x00000000        0x0 ./system/src/newlib/_cxx.o
 .text._ZN9__gnu_cxx27__verbose_terminate_handlerEv
                0x00000000        0x6 ./system/src/newlib/_cxx.o
 .text.__cxa_pure_virtual
                0x00000000        0x6 ./system/src/newlib/_cxx.o
 .debug_info    0x00000000      0xf94 ./system/src/newlib/_cxx.o
 .debug_abbrev  0x00000000      0x300 ./system/src/newlib/_cxx.o
 .debug_aranges
                0x00000000       0x20 ./system/src/newlib/_cxx.o
 .debug_ranges  0x00000000       0x10 ./system/src/newlib/_cxx.o
 .debug_line    0x00000000      0x43e ./system/src/newlib/_cxx.o
 .debug_str     0x00000000      0x829 ./system/src/newlib/_cxx.o
 .comment       0x00000000       0x7f ./system/src/newlib/_cxx.o
 .debug_frame   0x00000000       0x40 ./system/src/newlib/_cxx.o
 .ARM.attributes
                0x00000000       0x33 ./system/src/newlib/_cxx.o
 .text          0x00000000        0x0 ./system/src/newlib/_exit.o
 .data          0x00000000        0x0 ./system/src/newlib/_exit.o
 .bss           0x00000000        0x0 ./system/src/newlib/_exit.o
 .text.abort    0x00000000        0x8 ./system/src/newlib/_exit.o
 .text          0x00000000        0x0 ./system/src/newlib/_sbrk.o
 .data          0x00000000        0x0 ./system/src/newlib/_sbrk.o
 .bss           0x00000000        0x0 ./system/src/newlib/_sbrk.o
 .text._sbrk    0x00000000       0x3c ./system/src/newlib/_sbrk.o
 .bss.current_heap_end.3961
                0x00000000        0x4 ./system/src/newlib/_sbrk.o
 .debug_info    0x00000000      0x93e ./system/src/newlib/_sbrk.o
 .debug_abbrev  0x00000000      0x1f9 ./system/src/newlib/_sbrk.o
 .debug_loc     0x00000000       0x6a ./system/src/newlib/_sbrk.o
 .debug_aranges
                0x00000000       0x20 ./system/src/newlib/_sbrk.o
 .debug_ranges  0x00000000       0x10 ./system/src/newlib/_sbrk.o
 .debug_line    0x00000000      0x1b3 ./system/src/newlib/_sbrk.o
 .debug_str     0x00000000      0x615 ./system/src/newlib/_sbrk.o
 .comment       0x00000000       0x7f ./system/src/newlib/_sbrk.o
 .debug_frame   0x00000000       0x28 ./system/src/newlib/_sbrk.o
 .ARM.attributes
                0x00000000       0x33 ./system/src/newlib/_sbrk.o
 .text          0x00000000        0x0 ./system/src/newlib/_startup.o
 .data          0x00000000        0x0 ./system/src/newlib/_startup.o
 .bss           0x00000000        0x0 ./system/src/newlib/_startup.o
 .text.__initialize_data
                0x00000000       0x10 ./system/src/newlib/_startup.o
 .text.__initialize_bss
                0x00000000        0xe ./system/src/newlib/_startup.o
 .text.__run_init_array
                0x00000000       0x44 ./system/src/newlib/_startup.o
 .text.__run_fini_array
                0x00000000       0x24 ./system/src/newlib/_startup.o
 .text          0x00000000        0x0 ./system/src/newlib/_syscalls.o
 .data          0x00000000        0x0 ./system/src/newlib/_syscalls.o
 .bss           0x00000000        0x0 ./system/src/newlib/_syscalls.o
 .text.raise    0x00000000       0x10 ./system/src/newlib/_syscalls.o
 .text.kill     0x00000000       0x10 ./system/src/newlib/_syscalls.o
 .bss.__dso_handle
                0x00000000        0x4 ./system/src/newlib/_syscalls.o
 COMMON         0x00000000        0x4 ./system/src/newlib/_syscalls.o
 .text          0x00000000        0x0 ./system/src/newlib/assert.o
 .data          0x00000000        0x0 ./system/src/newlib/assert.o
 .bss           0x00000000        0x0 ./system/src/newlib/assert.o
 .text.__assert_func
                0x00000000        0x6 ./system/src/newlib/assert.o
 .debug_info    0x00000000      0x96b ./system/src/newlib/assert.o
 .debug_abbrev  0x00000000      0x1fe ./system/src/newlib/assert.o
 .debug_loc     0x00000000       0x84 ./system/src/newlib/assert.o
 .debug_aranges
                0x00000000       0x20 ./system/src/newlib/assert.o
 .debug_ranges  0x00000000       0x10 ./system/src/newlib/assert.o
 .debug_line    0x00000000      0x253 ./system/src/newlib/assert.o
 .debug_str     0x00000000      0x61e ./system/src/newlib/assert.o
 .comment       0x00000000       0x7f ./system/src/newlib/assert.o
 .debug_frame   0x00000000       0x28 ./system/src/newlib/assert.o
 .ARM.attributes
                0x00000000       0x33 ./system/src/newlib/assert.o
 .text          0x00000000        0x0 ./system/src/diag/Trace.o
 .data          0x00000000        0x0 ./system/src/diag/Trace.o
 .bss           0x00000000        0x0 ./system/src/diag/Trace.o
 .debug_line    0x00000000        0x0 ./system/src/diag/Trace.o
 .debug_str     0x00000000      0x131 ./system/src/diag/Trace.o
 .comment       0x00000000       0x7f ./system/src/diag/Trace.o
 .ARM.attributes
                0x00000000       0x33 ./system/src/diag/Trace.o
 .text          0x00000000        0x0 ./system/src/diag/trace_impl.o
 .data          0x00000000        0x0 ./system/src/diag/trace_impl.o
 .bss           0x00000000        0x0 ./system/src/diag/trace_impl.o
 .debug_line    0x00000000        0x0 ./system/src/diag/trace_impl.o
 .debug_str     0x00000000      0x136 ./system/src/diag/trace_impl.o
 .comment       0x00000000       0x7f ./system/src/diag/trace_impl.o
 .ARM.attributes
                0x00000000       0x33 ./system/src/diag/trace_impl.o
 .text          0x00000000        0x0 ./system/src/cortexm/_initialize_hardware.o
 .data          0x00000000        0x0 ./system/src/cortexm/_initialize_hardware.o
 .bss           0x00000000        0x0 ./system/src/cortexm/_initialize_hardware.o
 .text.__initialize_hardware
                0x00000000        0x4 ./system/src/cortexm/_initialize_hardware.o
 .text          0x00000000        0x0 ./system/src/cortexm/_reset_hardware.o
 .data          0x00000000        0x0 ./system/src/cortexm/_reset_hardware.o
 .bss           0x00000000        0x0 ./system/src/cortexm/_reset_hardware.o
 .text          0x00000000        0x0 ./system/src/cortexm/exception_handlers.o
 .data          0x00000000        0x0 ./system/src/cortexm/exception_handlers.o
 .bss           0x00000000        0x0 ./system/src/cortexm/exception_handlers.o
 .text          0x00000000        0x0 ./system/src/cmsis/system_stm32f4xx.o
 .data          0x00000000        0x0 ./system/src/cmsis/system_stm32f4xx.o
 .bss           0x00000000        0x0 ./system/src/cmsis/system_stm32f4xx.o
 .text          0x00000000        0x0 ./system/src/cmsis/vectors_stm32f401xc.o
 .data          0x00000000        0x0 ./system/src/cmsis/vectors_stm32f401xc.o
 .bss           0x00000000        0x0 ./system/src/cmsis/vectors_stm32f401xc.o
 .text          0x00000000        0x0 ./src/MCAL/UART/UART_CNF.o
 .data          0x00000000        0x0 ./src/MCAL/UART/UART_CNF.o
 .bss           0x00000000        0x0 ./src/MCAL/UART/UART_CNF.o
 .text          0x00000000        0x0 ./src/MCAL/UART/UART_program.o
 .data          0x00000000        0x0 ./src/MCAL/UART/UART_program.o
 .bss           0x00000000        0x0 ./src/MCAL/UART/UART_program.o
 .text          0x00000000        0x0 ./src/MCAL/STK/STK_prg.o
 .data          0x00000000        0x0 ./src/MCAL/STK/STK_prg.o
 .bss           0x00000000        0x0 ./src/MCAL/STK/STK_prg.o
 .text.MSTK_vStart
                0x00000000       0x20 ./src/MCAL/STK/STK_prg.o
 .text.MSTK_vSetBusyWait
                0x00000000       0x24 ./src/MCAL/STK/STK_prg.o
 .text.CreateVRandom_val
                0x00000000        0xc ./src/MCAL/STK/STK_prg.o
 .text          0x00000000        0x0 ./src/MCAL/RCC/RCC_prg.o
 .data          0x00000000        0x0 ./src/MCAL/RCC/RCC_prg.o
 .bss           0x00000000        0x0 ./src/MCAL/RCC/RCC_prg.o
 .text          0x00000000        0x0 ./src/MCAL/NVIC/NVIC_program.o
 .data          0x00000000        0x0 ./src/MCAL/NVIC/NVIC_program.o
 .bss           0x00000000        0x0 ./src/MCAL/NVIC/NVIC_program.o
 .text          0x00000000        0x0 ./src/MCAL/GPIO/GPIO_CNG.o
 .data          0x00000000        0x0 ./src/MCAL/GPIO/GPIO_CNG.o
 .bss           0x00000000        0x0 ./src/MCAL/GPIO/GPIO_CNG.o
 .text          0x00000000        0x0 ./src/MCAL/GPIO/GPIO_prg.o
 .data          0x00000000        0x0 ./src/MCAL/GPIO/GPIO_prg.o
 .bss           0x00000000        0x0 ./src/MCAL/GPIO/GPIO_prg.o
 .text.MGPIO_u8GetPinValue
                0x00000000       0x30 ./src/MCAL/GPIO/GPIO_prg.o
 .text          0x00000000        0x0 ./src/MCAL/FMI/FMI_prg.o
 .data          0x00000000        0x0 ./src/MCAL/FMI/FMI_prg.o
 .bss           0x00000000        0x0 ./src/MCAL/FMI/FMI_prg.o
 .text          0x00000000        0x0 ./src/APP/HexParser/HexParser_prg.o
 .data          0x00000000        0x0 ./src/APP/HexParser/HexParser_prg.o
 .bss           0x00000000        0x0 ./src/APP/HexParser/HexParser_prg.o
 .text          0x00000000        0x0 ./src/APP/Bootoader_services/Bootloader_services.o
 .data          0x00000000        0x0 ./src/APP/Bootoader_services/Bootloader_services.o
 .bss           0x00000000        0x0 ./src/APP/Bootoader_services/Bootloader_services.o
 .text.ApplyVsecurty
                0x00000000        0x6 ./src/APP/Bootoader_services/Bootloader_services.o
 .debug_info    0x00000000       0xae ./src/APP/Bootoader_services/Bootloader_services.o
 .debug_abbrev  0x00000000       0x64 ./src/APP/Bootoader_services/Bootloader_services.o
 .debug_loc     0x00000000       0x52 ./src/APP/Bootoader_services/Bootloader_services.o
 .debug_aranges
                0x00000000       0x20 ./src/APP/Bootoader_services/Bootloader_services.o
 .debug_ranges  0x00000000       0x10 ./src/APP/Bootoader_services/Bootloader_services.o
 .debug_line    0x00000000       0x9c ./src/APP/Bootoader_services/Bootloader_services.o
 .debug_str     0x00000000      0x1e7 ./src/APP/Bootoader_services/Bootloader_services.o
 .comment       0x00000000       0x7f ./src/APP/Bootoader_services/Bootloader_services.o
 .debug_frame   0x00000000       0x20 ./src/APP/Bootoader_services/Bootloader_services.o
 .ARM.attributes
                0x00000000       0x33 ./src/APP/Bootoader_services/Bootloader_services.o
 .text          0x00000000        0x0 ./src/_initialize_hardware.o
 .data          0x00000000        0x0 ./src/_initialize_hardware.o
 .bss           0x00000000        0x0 ./src/_initialize_hardware.o
 .text          0x00000000        0x0 ./src/main.o
 .data          0x00000000        0x0 ./src/main.o
 .bss           0x00000000        0x0 ./src/main.o
 .text.USART_RECEIVE_REQUST
                0x00000000       0x38 ./src/main.o
 .bss.CheckSecurty
                0x00000000        0x4 ./src/main.o
 .bss.Random_Val
                0x00000000        0x4 ./src/main.o
 .bss.Recive_Requset
                0x00000000        0x4 ./src/main.o
 .text          0x00000000        0x0 ./src/stm32f4xx_hal_msp.o
 .data          0x00000000        0x0 ./src/stm32f4xx_hal_msp.o
 .bss           0x00000000        0x0 ./src/stm32f4xx_hal_msp.o
 .text.HAL_MspDeInit
                0x00000000        0x2 ./src/stm32f4xx_hal_msp.o
 .text.HAL_PPP_MspInit
                0x00000000        0x2 ./src/stm32f4xx_hal_msp.o
 .text.HAL_PPP_MspDeInit
                0x00000000        0x2 ./src/stm32f4xx_hal_msp.o
 .text          0x00000000       0xa0 g:/courses/arm (ahmed-assaf)/new folder/imt_arm_course/02- tools/03- imt sdk/imt_sdk_win_64/winarm/armgcc/bin/../lib/gcc/arm-none-eabi/7.2.1/thumb/v7e-m\libgcc.a(_aeabi_ldivmod.o)
 .data          0x00000000        0x0 g:/courses/arm (ahmed-assaf)/new folder/imt_arm_course/02- tools/03- imt sdk/imt_sdk_win_64/winarm/armgcc/bin/../lib/gcc/arm-none-eabi/7.2.1/thumb/v7e-m\libgcc.a(_aeabi_ldivmod.o)
 .bss           0x00000000        0x0 g:/courses/arm (ahmed-assaf)/new folder/imt_arm_course/02- tools/03- imt sdk/imt_sdk_win_64/winarm/armgcc/bin/../lib/gcc/arm-none-eabi/7.2.1/thumb/v7e-m\libgcc.a(_aeabi_ldivmod.o)
 .debug_frame   0x00000000       0x44 g:/courses/arm (ahmed-assaf)/new folder/imt_arm_course/02- tools/03- imt sdk/imt_sdk_win_64/winarm/armgcc/bin/../lib/gcc/arm-none-eabi/7.2.1/thumb/v7e-m\libgcc.a(_aeabi_ldivmod.o)
 .ARM.attributes
                0x00000000       0x1e g:/courses/arm (ahmed-assaf)/new folder/imt_arm_course/02- tools/03- imt sdk/imt_sdk_win_64/winarm/armgcc/bin/../lib/gcc/arm-none-eabi/7.2.1/thumb/v7e-m\libgcc.a(_aeabi_ldivmod.o)
 .data          0x00000000        0x0 g:/courses/arm (ahmed-assaf)/new folder/imt_arm_course/02- tools/03- imt sdk/imt_sdk_win_64/winarm/armgcc/bin/../lib/gcc/arm-none-eabi/7.2.1/thumb/v7e-m\libgcc.a(_aeabi_uldivmod.o)
 .bss           0x00000000        0x0 g:/courses/arm (ahmed-assaf)/new folder/imt_arm_course/02- tools/03- imt sdk/imt_sdk_win_64/winarm/armgcc/bin/../lib/gcc/arm-none-eabi/7.2.1/thumb/v7e-m\libgcc.a(_aeabi_uldivmod.o)
 .data          0x00000000        0x0 g:/courses/arm (ahmed-assaf)/new folder/imt_arm_course/02- tools/03- imt sdk/imt_sdk_win_64/winarm/armgcc/bin/../lib/gcc/arm-none-eabi/7.2.1/thumb/v7e-m\libgcc.a(_udivmoddi4.o)
 .bss           0x00000000        0x0 g:/courses/arm (ahmed-assaf)/new folder/imt_arm_course/02- tools/03- imt sdk/imt_sdk_win_64/winarm/armgcc/bin/../lib/gcc/arm-none-eabi/7.2.1/thumb/v7e-m\libgcc.a(_udivmoddi4.o)
 .ARM.extab     0x00000000        0x0 g:/courses/arm (ahmed-assaf)/new folder/imt_arm_course/02- tools/03- imt sdk/imt_sdk_win_64/winarm/armgcc/bin/../lib/gcc/arm-none-eabi/7.2.1/thumb/v7e-m\libgcc.a(_udivmoddi4.o)
 .data          0x00000000        0x0 g:/courses/arm (ahmed-assaf)/new folder/imt_arm_course/02- tools/03- imt sdk/imt_sdk_win_64/winarm/armgcc/bin/../lib/gcc/arm-none-eabi/7.2.1/thumb/v7e-m\libgcc.a(_dvmd_tls.o)
 .bss           0x00000000        0x0 g:/courses/arm (ahmed-assaf)/new folder/imt_arm_course/02- tools/03- imt sdk/imt_sdk_win_64/winarm/armgcc/bin/../lib/gcc/arm-none-eabi/7.2.1/thumb/v7e-m\libgcc.a(_dvmd_tls.o)
 .text          0x00000000        0x0 g:/courses/arm (ahmed-assaf)/new folder/imt_arm_course/02- tools/03- imt sdk/imt_sdk_win_64/winarm/armgcc/bin/../lib/gcc/arm-none-eabi/7.2.1/../../../../arm-none-eabi/lib/thumb/v7e-m\libg_nano.a(lib_a-errno.o)
 .data          0x00000000        0x0 g:/courses/arm (ahmed-assaf)/new folder/imt_arm_course/02- tools/03- imt sdk/imt_sdk_win_64/winarm/armgcc/bin/../lib/gcc/arm-none-eabi/7.2.1/../../../../arm-none-eabi/lib/thumb/v7e-m\libg_nano.a(lib_a-errno.o)
 .bss           0x00000000        0x0 g:/courses/arm (ahmed-assaf)/new folder/imt_arm_course/02- tools/03- imt sdk/imt_sdk_win_64/winarm/armgcc/bin/../lib/gcc/arm-none-eabi/7.2.1/../../../../arm-none-eabi/lib/thumb/v7e-m\libg_nano.a(lib_a-errno.o)
 .text.__errno  0x00000000        0xc g:/courses/arm (ahmed-assaf)/new folder/imt_arm_course/02- tools/03- imt sdk/imt_sdk_win_64/winarm/armgcc/bin/../lib/gcc/arm-none-eabi/7.2.1/../../../../arm-none-eabi/lib/thumb/v7e-m\libg_nano.a(lib_a-errno.o)
 .debug_frame   0x00000000       0x20 g:/courses/arm (ahmed-assaf)/new folder/imt_arm_course/02- tools/03- imt sdk/imt_sdk_win_64/winarm/armgcc/bin/../lib/gcc/arm-none-eabi/7.2.1/../../../../arm-none-eabi/lib/thumb/v7e-m\libg_nano.a(lib_a-errno.o)
 .ARM.attributes
                0x00000000       0x2e g:/courses/arm (ahmed-assaf)/new folder/imt_arm_course/02- tools/03- imt sdk/imt_sdk_win_64/winarm/armgcc/bin/../lib/gcc/arm-none-eabi/7.2.1/../../../../arm-none-eabi/lib/thumb/v7e-m\libg_nano.a(lib_a-errno.o)
 .text          0x00000000        0x0 g:/courses/arm (ahmed-assaf)/new folder/imt_arm_course/02- tools/03- imt sdk/imt_sdk_win_64/winarm/armgcc/bin/../lib/gcc/arm-none-eabi/7.2.1/../../../../arm-none-eabi/lib/thumb/v7e-m\libg_nano.a(lib_a-impure.o)
 .data          0x00000000        0x0 g:/courses/arm (ahmed-assaf)/new folder/imt_arm_course/02- tools/03- imt sdk/imt_sdk_win_64/winarm/armgcc/bin/../lib/gcc/arm-none-eabi/7.2.1/../../../../arm-none-eabi/lib/thumb/v7e-m\libg_nano.a(lib_a-impure.o)
 .bss           0x00000000        0x0 g:/courses/arm (ahmed-assaf)/new folder/imt_arm_course/02- tools/03- imt sdk/imt_sdk_win_64/winarm/armgcc/bin/../lib/gcc/arm-none-eabi/7.2.1/../../../../arm-none-eabi/lib/thumb/v7e-m\libg_nano.a(lib_a-impure.o)
 .data._impure_ptr
                0x00000000        0x4 g:/courses/arm (ahmed-assaf)/new folder/imt_arm_course/02- tools/03- imt sdk/imt_sdk_win_64/winarm/armgcc/bin/../lib/gcc/arm-none-eabi/7.2.1/../../../../arm-none-eabi/lib/thumb/v7e-m\libg_nano.a(lib_a-impure.o)
 .data.impure_data
                0x00000000       0x60 g:/courses/arm (ahmed-assaf)/new folder/imt_arm_course/02- tools/03- imt sdk/imt_sdk_win_64/winarm/armgcc/bin/../lib/gcc/arm-none-eabi/7.2.1/../../../../arm-none-eabi/lib/thumb/v7e-m\libg_nano.a(lib_a-impure.o)
 .rodata._global_impure_ptr
                0x00000000        0x4 g:/courses/arm (ahmed-assaf)/new folder/imt_arm_course/02- tools/03- imt sdk/imt_sdk_win_64/winarm/armgcc/bin/../lib/gcc/arm-none-eabi/7.2.1/../../../../arm-none-eabi/lib/thumb/v7e-m\libg_nano.a(lib_a-impure.o)
 .ARM.attributes
                0x00000000       0x2e g:/courses/arm (ahmed-assaf)/new folder/imt_arm_course/02- tools/03- imt sdk/imt_sdk_win_64/winarm/armgcc/bin/../lib/gcc/arm-none-eabi/7.2.1/../../../../arm-none-eabi/lib/thumb/v7e-m\libg_nano.a(lib_a-impure.o)

Memory Configuration

Name             Origin             Length             Attributes
RAM              0x20000000         0x00010000         xrw
CCMRAM           0x10000000         0x00000000         xrw
FLASH            0x08000000         0x00004000         xr
FLASHB1          0x00000000         0x00000000         xr
EXTMEMB0         0x00000000         0x00000000         xr
EXTMEMB1         0x00000000         0x00000000         xr
EXTMEMB2         0x00000000         0x00000000         xr
EXTMEMB3         0x00000000         0x00000000         xr
*default*        0x00000000         0xffffffff

Linker script and memory map

LOAD ./system/src/stm32f4-hal/stm32f4xx_hal.o
LOAD ./system/src/stm32f4-hal/stm32f4xx_hal_cortex.o
LOAD ./system/src/stm32f4-hal/stm32f4xx_hal_dfsdm.o
LOAD ./system/src/stm32f4-hal/stm32f4xx_hal_flash.o
LOAD ./system/src/stm32f4-hal/stm32f4xx_hal_gpio.o
LOAD ./system/src/stm32f4-hal/stm32f4xx_hal_iwdg.o
LOAD ./system/src/stm32f4-hal/stm32f4xx_hal_pwr.o
LOAD ./system/src/stm32f4-hal/stm32f4xx_hal_rcc.o
LOAD ./system/src/newlib/_cxx.o
LOAD ./system/src/newlib/_exit.o
LOAD ./system/src/newlib/_sbrk.o
LOAD ./system/src/newlib/_startup.o
LOAD ./system/src/newlib/_syscalls.o
LOAD ./system/src/newlib/assert.o
LOAD ./system/src/diag/Trace.o
LOAD ./system/src/diag/trace_impl.o
LOAD ./system/src/cortexm/_initialize_hardware.o
LOAD ./system/src/cortexm/_reset_hardware.o
LOAD ./system/src/cortexm/exception_handlers.o
LOAD ./system/src/cmsis/system_stm32f4xx.o
LOAD ./system/src/cmsis/vectors_stm32f401xc.o
LOAD ./src/MCAL/UART/UART_CNF.o
LOAD ./src/MCAL/UART/UART_program.o
LOAD ./src/MCAL/STK/STK_prg.o
LOAD ./src/MCAL/RCC/RCC_prg.o
LOAD ./src/MCAL/NVIC/NVIC_program.o
LOAD ./src/MCAL/GPIO/GPIO_CNG.o
LOAD ./src/MCAL/GPIO/GPIO_prg.o
LOAD ./src/MCAL/FMI/FMI_prg.o
LOAD ./src/APP/HexParser/HexParser_prg.o
LOAD ./src/APP/Bootoader_services/Bootloader_services.o
LOAD ./src/_initialize_hardware.o
LOAD ./src/main.o
LOAD ./src/stm32f4xx_hal_msp.o
LOAD g:/courses/arm (ahmed-assaf)/new folder/imt_arm_course/02- tools/03- imt sdk/imt_sdk_win_64/winarm/armgcc/bin/../lib/gcc/arm-none-eabi/7.2.1/../../../../arm-none-eabi/lib/thumb/v7e-m\libstdc++_nano.a
LOAD g:/courses/arm (ahmed-assaf)/new folder/imt_arm_course/02- tools/03- imt sdk/imt_sdk_win_64/winarm/armgcc/bin/../lib/gcc/arm-none-eabi/7.2.1/../../../../arm-none-eabi/lib/thumb/v7e-m\libm.a
START GROUP
LOAD g:/courses/arm (ahmed-assaf)/new folder/imt_arm_course/02- tools/03- imt sdk/imt_sdk_win_64/winarm/armgcc/bin/../lib/gcc/arm-none-eabi/7.2.1/thumb/v7e-m\libgcc.a
LOAD g:/courses/arm (ahmed-assaf)/new folder/imt_arm_course/02- tools/03- imt sdk/imt_sdk_win_64/winarm/armgcc/bin/../lib/gcc/arm-none-eabi/7.2.1/../../../../arm-none-eabi/lib/thumb/v7e-m\libg_nano.a
LOAD g:/courses/arm (ahmed-assaf)/new folder/imt_arm_course/02- tools/03- imt sdk/imt_sdk_win_64/winarm/armgcc/bin/../lib/gcc/arm-none-eabi/7.2.1/../../../../arm-none-eabi/lib/thumb/v7e-m\libc_nano.a
END GROUP
START GROUP
LOAD g:/courses/arm (ahmed-assaf)/new folder/imt_arm_course/02- tools/03- imt sdk/imt_sdk_win_64/winarm/armgcc/bin/../lib/gcc/arm-none-eabi/7.2.1/thumb/v7e-m\libgcc.a
LOAD g:/courses/arm (ahmed-assaf)/new folder/imt_arm_course/02- tools/03- imt sdk/imt_sdk_win_64/winarm/armgcc/bin/../lib/gcc/arm-none-eabi/7.2.1/../../../../arm-none-eabi/lib/thumb/v7e-m\libc_nano.a
END GROUP
                0x20010000                __stack = (ORIGIN (RAM) + LENGTH (RAM))
                0x20010000                _estack = __stack
                0x00000400                __Main_Stack_Size = 0x400
                [!provide]                PROVIDE (_Main_Stack_Size, __Main_Stack_Size)
                0x2000fc00                __Main_Stack_Limit = (__stack - __Main_Stack_Size)
                [!provide]                PROVIDE (_Main_Stack_Limit, __Main_Stack_Limit)
                0x00000100                _Minimum_Stack_Size = 0x100
                0x2000013c                PROVIDE (_Heap_Begin, _end_noinit)
                0x2000fc00                PROVIDE (_Heap_Limit, (__stack - __Main_Stack_Size))

.isr_vector     0x08000000      0x2c6
 FILL mask 0xff
                0x08000000                __vectors_start = ABSOLUTE (.)
                0x08000000                __vectors_start__ = ABSOLUTE (.)
 *(.isr_vector)
 .isr_vector    0x08000000      0x194 ./system/src/cmsis/vectors_stm32f401xc.o
                0x08000000                __isr_vectors
 *(.cfmconfig)
 *(.after_vectors .after_vectors.*)
 .after_vectors
                0x08000194       0xcc ./system/src/newlib/_startup.o
                0x08000194                _start
 .after_vectors
                0x08000260       0x64 ./system/src/cortexm/exception_handlers.o
                0x08000260                Reset_Handler
                0x08000264                NMI_Handler
                0x08000266                HardFault_Handler
                0x0800027a                HardFault_Handler_C
                0x0800027c                MemManage_Handler
                0x0800027e                BusFault_Handler
                0x08000292                BusFault_Handler_C
                0x08000294                UsageFault_Handler
                0x080002a8                UsageFault_Handler_C
                0x080002aa                SVC_Handler
                0x080002ac                DebugMon_Handler
                0x080002ae                PendSV_Handler
 .after_vectors
                0x080002c4        0x2 ./system/src/cmsis/vectors_stm32f401xc.o
                0x080002c4                RTC_Alarm_IRQHandler
                0x080002c4                EXTI2_IRQHandler
                0x080002c4                SPI4_IRQHandler
                0x080002c4                TIM1_CC_IRQHandler
                0x080002c4                DMA2_Stream5_IRQHandler
                0x080002c4                DMA1_Stream5_IRQHandler
                0x080002c4                PVD_IRQHandler
                0x080002c4                SDIO_IRQHandler
                0x080002c4                TAMP_STAMP_IRQHandler
                0x080002c4                EXTI3_IRQHandler
                0x080002c4                TIM1_UP_TIM10_IRQHandler
                0x080002c4                I2C3_ER_IRQHandler
                0x080002c4                EXTI0_IRQHandler
                0x080002c4                I2C2_EV_IRQHandler
                0x080002c4                DMA1_Stream2_IRQHandler
                0x080002c4                FPU_IRQHandler
                0x080002c4                DMA2_Stream2_IRQHandler
                0x080002c4                SPI1_IRQHandler
                0x080002c4                TIM1_BRK_TIM9_IRQHandler
                0x080002c4                DMA2_Stream3_IRQHandler
                0x080002c4                USART6_IRQHandler
                0x080002c4                DMA2_Stream0_IRQHandler
                0x080002c4                TIM4_IRQHandler
                0x080002c4                I2C1_EV_IRQHandler
                0x080002c4                DMA1_Stream6_IRQHandler
                0x080002c4                DMA1_Stream1_IRQHandler
                0x080002c4                TIM3_IRQHandler
                0x080002c4                RCC_IRQHandler
                0x080002c4                Default_Handler
                0x080002c4                EXTI15_10_IRQHandler
                0x080002c4                ADC_IRQHandler
                0x080002c4                DMA1_Stream7_IRQHandler
                0x080002c4                TIM5_IRQHandler
                0x080002c4                DMA2_Stream7_IRQHandler
                0x080002c4                I2C3_EV_IRQHandler
                0x080002c4                EXTI9_5_IRQHandler
                0x080002c4                RTC_WKUP_IRQHandler
                0x080002c4                SPI2_IRQHandler
                0x080002c4                DMA1_Stream0_IRQHandler
                0x080002c4                EXTI4_IRQHandler
                0x080002c4                WWDG_IRQHandler
                0x080002c4                TIM2_IRQHandler
                0x080002c4                OTG_FS_WKUP_IRQHandler
                0x080002c4                TIM1_TRG_COM_TIM11_IRQHandler
                0x080002c4                EXTI1_IRQHandler
                0x080002c4                USART2_IRQHandler
                0x080002c4                I2C2_ER_IRQHandler
                0x080002c4                DMA2_Stream1_IRQHandler
                0x080002c4                FLASH_IRQHandler
                0x080002c4                DMA2_Stream4_IRQHandler
                0x080002c4                OTG_FS_IRQHandler
                0x080002c4                SPI3_IRQHandler
                0x080002c4                DMA1_Stream4_IRQHandler
                0x080002c4                I2C1_ER_IRQHandler
                0x080002c4                DMA2_Stream6_IRQHandler
                0x080002c4                DMA1_Stream3_IRQHandler

.inits          0x080002c8       0x28
                0x080002c8                __data_regions_array_start = .
                0x080002c8        0x4 LONG 0x8001834 LOADADDR (.data)
                0x080002cc        0x4 LONG 0x20000000 ADDR (.data)
                0x080002d0        0x4 LONG 0x2000002c (ADDR (.data) + SIZEOF (.data))
                0x080002d4        0x4 LONG 0x8001834 LOADADDR (.data_CCMRAM)
                0x080002d8        0x4 LONG 0x10000000 ADDR (.data_CCMRAM)
                0x080002dc        0x4 LONG 0x10000000 (ADDR (.data_CCMRAM) + SIZEOF (.data_CCMRAM))
                0x080002e0                __data_regions_array_end = .
                0x080002e0                __bss_regions_array_start = .
                0x080002e0        0x4 LONG 0x2000002c ADDR (.bss)
                0x080002e4        0x4 LONG 0x2000013c (ADDR (.bss) + SIZEOF (.bss))
                0x080002e8        0x4 LONG 0x10000000 ADDR (.bss_CCMRAM)
                0x080002ec        0x4 LONG 0x10000000 (ADDR (.bss_CCMRAM) + SIZEOF (.bss_CCMRAM))
                0x080002f0                __bss_regions_array_end = .
 *(.init)
 *(.fini)
                0x080002f0                . = ALIGN (0x4)
                0x080002f0                PROVIDE (__preinit_array_start, .)
 *(.preinit_array_sysinit .preinit_array_sysinit.*)
 *(.preinit_array_platform .preinit_array_platform.*)
 *(.preinit_array .preinit_array.*)
                0x080002f0                PROVIDE (__preinit_array_end, .)
                0x080002f0                . = ALIGN (0x4)
                0x080002f0                PROVIDE (__init_array_start, .)
 *(SORT_BY_NAME(.init_array.*))
 *(.init_array)
                0x080002f0                PROVIDE (__init_array_end, .)
                0x080002f0                . = ALIGN (0x4)
                0x080002f0                PROVIDE (__fini_array_start, .)
 *(SORT_BY_NAME(.fini_array.*))
 *(.fini_array)
                0x080002f0                PROVIDE (__fini_array_end, .)

.flashtext
 *(.flashtext .flashtext.*)

.text           0x080002f0     0x153c
 *(.text .text.*)
 .text.HAL_InitTick
                0x080002f0       0x28 ./system/src/stm32f4-hal/stm32f4xx_hal.o
                0x080002f0                HAL_InitTick
 .text.HAL_Init
                0x08000318       0x34 ./system/src/stm32f4-hal/stm32f4xx_hal.o
                0x08000318                HAL_Init
 .text.HAL_GetTick
                0x0800034c        0xc ./system/src/stm32f4-hal/stm32f4xx_hal.o
                0x0800034c                HAL_GetTick
 .text.HAL_NVIC_SetPriorityGrouping
                0x08000358       0x24 ./system/src/stm32f4-hal/stm32f4xx_hal_cortex.o
                0x08000358                HAL_NVIC_SetPriorityGrouping
 .text.HAL_NVIC_SetPriority
                0x0800037c       0x68 ./system/src/stm32f4-hal/stm32f4xx_hal_cortex.o
                0x0800037c                HAL_NVIC_SetPriority
 .text.HAL_SYSTICK_Config
                0x080003e4       0x2c ./system/src/stm32f4-hal/stm32f4xx_hal_cortex.o
                0x080003e4                HAL_SYSTICK_Config
 .text.HAL_SYSTICK_CLKSourceConfig
                0x08000410       0x18 ./system/src/stm32f4-hal/stm32f4xx_hal_cortex.o
                0x08000410                HAL_SYSTICK_CLKSourceConfig
 .text.HAL_RCC_OscConfig
                0x08000428      0x2d8 ./system/src/stm32f4-hal/stm32f4xx_hal_rcc.o
                0x08000428                HAL_RCC_OscConfig
 .text.HAL_RCC_GetSysClockFreq
                0x08000700       0x74 ./system/src/stm32f4-hal/stm32f4xx_hal_rcc.o
                0x08000700                HAL_RCC_GetSysClockFreq
 .text.HAL_RCC_ClockConfig
                0x08000774      0x168 ./system/src/stm32f4-hal/stm32f4xx_hal_rcc.o
                0x08000774                HAL_RCC_ClockConfig
 .text.HAL_RCC_GetHCLKFreq
                0x080008dc        0xc ./system/src/stm32f4-hal/stm32f4xx_hal_rcc.o
                0x080008dc                HAL_RCC_GetHCLKFreq
 .text._exit    0x080008e8        0x6 ./system/src/newlib/_exit.o
                0x080008e8                _exit
 *fill*         0x080008ee        0x2 
 .text.__initialize_args
                0x080008f0       0x10 ./system/src/newlib/_syscalls.o
                0x080008f0                __initialize_args
 .text.__initialize_hardware_early
                0x08000900       0x18 ./system/src/cortexm/_initialize_hardware.o
                0x08000900                __initialize_hardware_early
 .text.__reset_hardware
                0x08000918       0x24 ./system/src/cortexm/_reset_hardware.o
                0x08000918                __reset_hardware
 .text.SystemInit
                0x0800093c       0x40 ./system/src/cmsis/system_stm32f4xx.o
                0x0800093c                SystemInit
 .text.SystemCoreClockUpdate
                0x0800097c       0x74 ./system/src/cmsis/system_stm32f4xx.o
                0x0800097c                SystemCoreClockUpdate
 .text.MUSART_voidInit
                0x080009f0       0xbc ./src/MCAL/UART/UART_program.o
                0x080009f0                MUSART_voidInit
 .text.MUSARTAnd_Enterrupte_Enable
                0x08000aac       0x18 ./src/MCAL/UART/UART_program.o
                0x08000aac                MUSARTAnd_Enterrupte_Enable
 .text.MUSARTAnd_Enterrupte_Disable
                0x08000ac4       0x18 ./src/MCAL/UART/UART_program.o
                0x08000ac4                MUSARTAnd_Enterrupte_Disable
 .text.MUSART_voidTransmitByte
                0x08000adc       0x20 ./src/MCAL/UART/UART_program.o
                0x08000adc                MUSART_voidTransmitByte
 .text.MUSART_voidTransmitString
                0x08000afc       0x16 ./src/MCAL/UART/UART_program.o
                0x08000afc                MUSART_voidTransmitString
 *fill*         0x08000b12        0x2 
 .text.MUSART1_voidSetCallBack
                0x08000b14        0xc ./src/MCAL/UART/UART_program.o
                0x08000b14                MUSART1_voidSetCallBack
 .text.USART1_IRQHandler
                0x08000b20       0x14 ./src/MCAL/UART/UART_program.o
                0x08000b20                USART1_IRQHandler
 .text.MSTK_vInit
                0x08000b34       0x10 ./src/MCAL/STK/STK_prg.o
                0x08000b34                MSTK_vInit
 .text.MSTK_vResetTimer
                0x08000b44       0x1c ./src/MCAL/STK/STK_prg.o
                0x08000b44                MSTK_vResetTimer
 .text.MSTK_vStoptimerAnd_Enterrupte
                0x08000b60       0x1c ./src/MCAL/STK/STK_prg.o
                0x08000b60                MSTK_vStoptimerAnd_Enterrupte
 .text.MSTK_vSetInterval_single
                0x08000b7c       0x28 ./src/MCAL/STK/STK_prg.o
                0x08000b7c                MSTK_vSetInterval_single
 .text.SysTick_Handler
                0x08000ba4       0x10 ./src/MCAL/STK/STK_prg.o
                0x08000ba4                SysTick_Handler
 .text.MRCC_vInit
                0x08000bb4       0x20 ./src/MCAL/RCC/RCC_prg.o
                0x08000bb4                MRCC_vInit
 .text.MRCC_vEnableClock
                0x08000bd4       0x64 ./src/MCAL/RCC/RCC_prg.o
                0x08000bd4                MRCC_vEnableClock
 .text.MRCC_vDisableClock
                0x08000c38       0x6c ./src/MCAL/RCC/RCC_prg.o
                0x08000c38                MRCC_vDisableClock
 .text.MNVIC_VoidEnablePeripheral
                0x08000ca4       0x18 ./src/MCAL/NVIC/NVIC_program.o
                0x08000ca4                MNVIC_VoidEnablePeripheral
 .text.MNVIC_VoidDisablePeripheral
                0x08000cbc       0x1c ./src/MCAL/NVIC/NVIC_program.o
                0x08000cbc                MNVIC_VoidDisablePeripheral
 .text.MGPIO_vSetPinMode
                0x08000cd8       0x40 ./src/MCAL/GPIO/GPIO_prg.o
                0x08000cd8                MGPIO_vSetPinMode
 .text.MGPIO_vSetPinOutputType
                0x08000d18       0x68 ./src/MCAL/GPIO/GPIO_prg.o
                0x08000d18                MGPIO_vSetPinOutputType
 .text.MGPIO_vSetPinOutputSpeed
                0x08000d80       0x40 ./src/MCAL/GPIO/GPIO_prg.o
                0x08000d80                MGPIO_vSetPinOutputSpeed
 .text.MGPIO_vSetPinInputPull
                0x08000dc0       0x40 ./src/MCAL/GPIO/GPIO_prg.o
                0x08000dc0                MGPIO_vSetPinInputPull
 .text.MGPIO_vSetPinVal
                0x08000e00       0x68 ./src/MCAL/GPIO/GPIO_prg.o
                0x08000e00                MGPIO_vSetPinVal
 .text.MGPIO_vSetAlternativeFunction
                0x08000e68       0x78 ./src/MCAL/GPIO/GPIO_prg.o
                0x08000e68                MGPIO_vSetAlternativeFunction
 .text.MGPIO_vInit
                0x08000ee0       0x3a ./src/MCAL/GPIO/GPIO_prg.o
                0x08000ee0                MGPIO_vInit
 *fill*         0x08000f1a        0x2 
 .text.FMI_vSectorErase
                0x08000f1c       0x5c ./src/MCAL/FMI/FMI_prg.o
                0x08000f1c                FMI_vSectorErase
 .text.FMI_vEraseAppArea
                0x08000f78       0x18 ./src/MCAL/FMI/FMI_prg.o
                0x08000f78                FMI_vEraseAppArea
 .text.FMI_vFlashWrite
                0x08000f90       0x6c ./src/MCAL/FMI/FMI_prg.o
                0x08000f90                FMI_vFlashWrite
 .text.FMI_vFlash_MarkerWrite
                0x08000ffc       0x68 ./src/MCAL/FMI/FMI_prg.o
                0x08000ffc                FMI_vFlash_MarkerWrite
 .text.HexParser_u8Ascii2Hex
                0x08001064       0x20 ./src/APP/HexParser/HexParser_prg.o
 .text.HexParser_vParseData_2D
                0x08001084       0xf4 ./src/APP/HexParser/HexParser_prg.o
                0x08001084                HexParser_vParseData_2D
 .text.HexParser_u8VerifyCheckSum
                0x08001178       0x7a ./src/APP/HexParser/HexParser_prg.o
                0x08001178                HexParser_u8VerifyCheckSum
 *fill*         0x080011f2        0x2 
 .text.SystemClock_Config
                0x080011f4       0x94 ./src/_initialize_hardware.o
                0x080011f4                SystemClock_Config
 .text.__initialize_hardware
                0x08001288       0x12 ./src/_initialize_hardware.o
                0x08001288                __initialize_hardware
 *fill*         0x0800129a        0x2 
 .text.USART_RECEIVE_2D
                0x0800129c       0x38 ./src/main.o
                0x0800129c                USART_RECEIVE_2D
 .text.f1       0x080012d4        0xc ./src/main.o
                0x080012d4                f1
 .text.STK_CallBack_App
                0x080012e0       0x88 ./src/main.o
                0x080012e0                STK_CallBack_App
 .text.startup.main
                0x08001368      0x19c ./src/main.o
                0x08001368                main
 .text.HAL_MspInit
                0x08001504        0x2 ./src/stm32f4xx_hal_msp.o
                0x08001504                HAL_MspInit
 *fill*         0x08001506        0x2 
 .text          0x08001508       0x30 g:/courses/arm (ahmed-assaf)/new folder/imt_arm_course/02- tools/03- imt sdk/imt_sdk_win_64/winarm/armgcc/bin/../lib/gcc/arm-none-eabi/7.2.1/thumb/v7e-m\libgcc.a(_aeabi_uldivmod.o)
                0x08001508                __aeabi_uldivmod
 .text          0x08001538      0x2cc g:/courses/arm (ahmed-assaf)/new folder/imt_arm_course/02- tools/03- imt sdk/imt_sdk_win_64/winarm/armgcc/bin/../lib/gcc/arm-none-eabi/7.2.1/thumb/v7e-m\libgcc.a(_udivmoddi4.o)
                0x08001538                __udivmoddi4
 .text          0x08001804        0x4 g:/courses/arm (ahmed-assaf)/new folder/imt_arm_course/02- tools/03- imt sdk/imt_sdk_win_64/winarm/armgcc/bin/../lib/gcc/arm-none-eabi/7.2.1/thumb/v7e-m\libgcc.a(_dvmd_tls.o)
                0x08001804                __aeabi_idiv0
                0x08001804                __aeabi_ldiv0
 *(.rodata .rodata.* .constdata .constdata.*)
 .rodata.APBAHBPrescTable
                0x08001808       0x10 ./system/src/stm32f4-hal/stm32f4xx_hal_rcc.o
                0x08001808                APBAHBPrescTable
 .rodata.AHBPrescTable
                0x08001818       0x10 ./system/src/cmsis/system_stm32f4xx.o
                0x08001818                AHBPrescTable
 .rodata.main.str1.1
                0x08001828        0x4 ./src/main.o
                                  0x7 (size before relaxing)
 *(vtable)
 *(.eh_frame*)
 *(.glue_7)
 .glue_7        0x0800182c        0x0 linker stubs
 *(.glue_7t)
 .glue_7t       0x0800182c        0x0 linker stubs

.vfp11_veneer   0x0800182c        0x0
 .vfp11_veneer  0x0800182c        0x0 linker stubs

.v4_bx          0x0800182c        0x0
 .v4_bx         0x0800182c        0x0 linker stubs

.iplt           0x0800182c        0x0
 .iplt          0x0800182c        0x0 ./system/src/stm32f4-hal/stm32f4xx_hal.o

.ARM.extab
 *(.ARM.extab* .gnu.linkonce.armextab.*)
                0x0800182c                . = ALIGN (0x4)
                0x0800182c                __exidx_start = .

.ARM.exidx      0x0800182c        0x8
 *(.ARM.exidx* .gnu.linkonce.armexidx.*)
 .ARM.exidx     0x0800182c        0x8 g:/courses/arm (ahmed-assaf)/new folder/imt_arm_course/02- tools/03- imt sdk/imt_sdk_win_64/winarm/armgcc/bin/../lib/gcc/arm-none-eabi/7.2.1/thumb/v7e-m\libgcc.a(_udivmoddi4.o)
                0x08001834                __exidx_end = .

.rel.dyn        0x08001834        0x0
 .rel.iplt      0x08001834        0x0 ./system/src/stm32f4-hal/stm32f4xx_hal.o
                0x08001834                . = ALIGN (0x4)
                0x08001834                _etext = .
                0x08001834                __etext = .

.data_CCMRAM    0x10000000        0x0 load address 0x08001834
 FILL mask 0xff
 *(.data.CCMRAM .data.CCMRAM.*)
                0x10000000                . = ALIGN (0x4)
                0x08001834                _sidata = LOADADDR (.data)

.data           0x20000000       0x2c load address 0x08001834
 FILL mask 0xff
                0x20000000                _sdata = .
                0x20000000                __data_start__ = .
 *(.data_begin .data_begin.*)
 *(.data .data.*)
 .data.argv.4310
                0x20000000        0x8 ./system/src/newlib/_syscalls.o
 .data.SystemCoreClock
                0x20000008        0x4 ./system/src/cmsis/system_stm32f4xx.o
                0x20000008                SystemCoreClock
 .data.UART_Intial
                0x2000000c        0x8 ./src/MCAL/UART/UART_CNF.o
                0x2000000c                UART_Intial
 .data.RX       0x20000014        0x7 ./src/MCAL/GPIO/GPIO_CNG.o
                0x20000014                RX
 .data.TX       0x2000001b        0x7 ./src/MCAL/GPIO/GPIO_CNG.o
                0x2000001b                TX
 .data.led      0x20000022        0x7 ./src/MCAL/GPIO/GPIO_CNG.o
                0x20000022                led
 *fill*         0x20000029        0x1 ff
 .data.col      0x2000002a        0x2 ./src/main.o
                0x2000002a                col
 *(.data_end .data_end.*)
                0x2000002c                . = ALIGN (0x4)
                0x2000002c                _edata = .
                0x2000002c                __data_end__ = .

.igot.plt       0x2000002c        0x0 load address 0x08001860
 .igot.plt      0x2000002c        0x0 ./system/src/stm32f4-hal/stm32f4xx_hal.o

.bss_CCMRAM     0x10000000        0x0
 *(.bss.CCMRAM .bss.CCMRAM.*)

.bss            0x2000002c      0x110
                0x2000002c                __bss_start__ = .
                0x2000002c                _sbss = .
 *(.bss_begin .bss_begin.*)
 *(.bss .bss.*)
 .bss.name.4309
                0x2000002c        0x1 ./system/src/newlib/_syscalls.o
 *fill*         0x2000002d        0x3 
 .bss.MUSART1_CallBack
                0x20000030        0x4 ./src/MCAL/UART/UART_program.o
 .bss.GS_STK_Callback
                0x20000034        0x4 ./src/MCAL/STK/STK_prg.o
 .bss.flage     0x20000038        0x1 ./src/main.o
                0x20000038                flage
 *fill*         0x20000039        0x1 
 .bss.row       0x2000003a        0x2 ./src/main.o
                0x2000003a                row
 *(COMMON)
 COMMON         0x2000003c        0x4 ./system/src/stm32f4-hal/stm32f4xx_hal.o
                0x2000003c                uwTick
 COMMON         0x20000040       0xc8 ./src/APP/HexParser/HexParser_prg.o
                0x20000040                DataBuffer
 COMMON         0x20000108       0x32 ./src/main.o
                0x20000108                Global_pu8RxBuffer
 *(.bss_end .bss_end.*)
                0x2000013c                . = ALIGN (0x4)
 *fill*         0x2000013a        0x2 
                0x2000013c                __bss_end__ = .
                0x2000013c                _ebss = .

.noinit_CCMRAM
 *(.noinit.CCMRAM .noinit.CCMRAM.*)

.noinit         0x2000013c        0x0
                0x2000013c                _noinit = .
 *(.noinit .noinit.*)
                0x2000013c                . = ALIGN (0x4)
                0x2000013c                _end_noinit = .
                [!provide]                PROVIDE (end, _end_noinit)
                [!provide]                PROVIDE (_end, _end_noinit)
                [!provide]                PROVIDE (__end, _end_noinit)
                [!provide]                PROVIDE (__end__, _end_noinit)

._check_stack   0x2000013c      0x100
                0x2000023c                . = (. + _Minimum_Stack_Size)
 *fill*         0x2000013c      0x100 

.b1text
 *(.b1text)
 *(.b1rodata)
 *(.b1rodata.*)

.eb0text
 *(.eb0text)
 *(.eb0rodata)
 *(.eb0rodata.*)

.eb1text
 *(.eb1text)
 *(.eb1rodata)
 *(.eb1rodata.*)

.eb2text
 *(.eb2text)
 *(.eb2rodata)
 *(.eb2rodata.*)

.eb3text
 *(.eb3text)
 *(.eb3rodata)
 *(.eb3rodata.*)

.stab
 *(.stab)

.stabstr
 *(.stabstr)

.stab.excl
 *(.stab.excl)

.stab.exclstr
 *(.stab.exclstr)

.stab.index
 *(.stab.index)

.stab.indexstr
 *(.stab.indexstr)

.comment        0x00000000       0x7e
 *(.comment)
 .comment       0x00000000       0x7e ./system/src/stm32f4-hal/stm32f4xx_hal.o
                                 0x7f (size before relaxing)
 .comment       0x0000007e       0x7f ./system/src/stm32f4-hal/stm32f4xx_hal_cortex.o
 .comment       0x0000007e       0x7f ./system/src/stm32f4-hal/stm32f4xx_hal_rcc.o
 .comment       0x0000007e       0x7f ./system/src/newlib/_exit.o
 .comment       0x0000007e       0x7f ./system/src/newlib/_startup.o
 .comment       0x0000007e       0x7f ./system/src/newlib/_syscalls.o
 .comment       0x0000007e       0x7f ./system/src/cortexm/_initialize_hardware.o
 .comment       0x0000007e       0x7f ./system/src/cortexm/_reset_hardware.o
 .comment       0x0000007e       0x7f ./system/src/cortexm/exception_handlers.o
 .comment       0x0000007e       0x7f ./system/src/cmsis/system_stm32f4xx.o
 .comment       0x0000007e       0x7f ./system/src/cmsis/vectors_stm32f401xc.o
 .comment       0x0000007e       0x7f ./src/MCAL/UART/UART_CNF.o
 .comment       0x0000007e       0x7f ./src/MCAL/UART/UART_program.o
 .comment       0x0000007e       0x7f ./src/MCAL/STK/STK_prg.o
 .comment       0x0000007e       0x7f ./src/MCAL/RCC/RCC_prg.o
 .comment       0x0000007e       0x7f ./src/MCAL/NVIC/NVIC_program.o
 .comment       0x0000007e       0x7f ./src/MCAL/GPIO/GPIO_CNG.o
 .comment       0x0000007e       0x7f ./src/MCAL/GPIO/GPIO_prg.o
 .comment       0x0000007e       0x7f ./src/MCAL/FMI/FMI_prg.o
 .comment       0x0000007e       0x7f ./src/APP/HexParser/HexParser_prg.o
 .comment       0x0000007e       0x7f ./src/_initialize_hardware.o
 .comment       0x0000007e       0x7f ./src/main.o
 .comment       0x0000007e       0x7f ./src/stm32f4xx_hal_msp.o

.ARM.attributes
                0x00000000       0x33
 .ARM.attributes
                0x00000000       0x33 ./system/src/stm32f4-hal/stm32f4xx_hal.o
 .ARM.attributes
                0x00000033       0x33 ./system/src/stm32f4-hal/stm32f4xx_hal_cortex.o
 .ARM.attributes
                0x00000066       0x33 ./system/src/stm32f4-hal/stm32f4xx_hal_rcc.o
 .ARM.attributes
                0x00000099       0x33 ./system/src/newlib/_exit.o
 .ARM.attributes
                0x000000cc       0x33 ./system/src/newlib/_startup.o
 .ARM.attributes
                0x000000ff       0x33 ./system/src/newlib/_syscalls.o
 .ARM.attributes
                0x00000132       0x33 ./system/src/cortexm/_initialize_hardware.o
 .ARM.attributes
                0x00000165       0x33 ./system/src/cortexm/_reset_hardware.o
 .ARM.attributes
                0x00000198       0x33 ./system/src/cortexm/exception_handlers.o
 .ARM.attributes
                0x000001cb       0x33 ./system/src/cmsis/system_stm32f4xx.o
 .ARM.attributes
                0x000001fe       0x33 ./system/src/cmsis/vectors_stm32f401xc.o
 .ARM.attributes
                0x00000231       0x33 ./src/MCAL/UART/UART_CNF.o
 .ARM.attributes
                0x00000264       0x33 ./src/MCAL/UART/UART_program.o
 .ARM.attributes
                0x00000297       0x33 ./src/MCAL/STK/STK_prg.o
 .ARM.attributes
                0x000002ca       0x33 ./src/MCAL/RCC/RCC_prg.o
 .ARM.attributes
                0x000002fd       0x33 ./src/MCAL/NVIC/NVIC_program.o
 .ARM.attributes
                0x00000330       0x33 ./src/MCAL/GPIO/GPIO_CNG.o
 .ARM.attributes
                0x00000363       0x33 ./src/MCAL/GPIO/GPIO_prg.o
 .ARM.attributes
                0x00000396       0x33 ./src/MCAL/FMI/FMI_prg.o
 .ARM.attributes
                0x000003c9       0x33 ./src/APP/HexParser/HexParser_prg.o
 .ARM.attributes
                0x000003fc       0x33 ./src/_initialize_hardware.o
 .ARM.attributes
                0x0000042f       0x33 ./src/main.o
 .ARM.attributes
                0x00000462       0x33 ./src/stm32f4xx_hal_msp.o
 .ARM.attributes
                0x00000495       0x1e g:/courses/arm (ahmed-assaf)/new folder/imt_arm_course/02- tools/03- imt sdk/imt_sdk_win_64/winarm/armgcc/bin/../lib/gcc/arm-none-eabi/7.2.1/thumb/v7e-m\libgcc.a(_aeabi_uldivmod.o)
 .ARM.attributes
                0x000004b3       0x2e g:/courses/arm (ahmed-assaf)/new folder/imt_arm_course/02- tools/03- imt sdk/imt_sdk_win_64/winarm/armgcc/bin/../lib/gcc/arm-none-eabi/7.2.1/thumb/v7e-m\libgcc.a(_udivmoddi4.o)
 .ARM.attributes
                0x000004e1       0x1e g:/courses/arm (ahmed-assaf)/new folder/imt_arm_course/02- tools/03- imt sdk/imt_sdk_win_64/winarm/armgcc/bin/../lib/gcc/arm-none-eabi/7.2.1/thumb/v7e-m\libgcc.a(_dvmd_tls.o)

.debug
 *(.debug)

.line
 *(.line)

.debug_srcinfo
 *(.debug_srcinfo)

.debug_sfnames
 *(.debug_sfnames)

.debug_aranges  0x00000000      0x5f0
 *(.debug_aranges)
 .debug_aranges
                0x00000000       0xb8 ./system/src/stm32f4-hal/stm32f4xx_hal.o
 .debug_aranges
                0x000000b8       0x98 ./system/src/stm32f4-hal/stm32f4xx_hal_cortex.o
 .debug_aranges
                0x00000150       0x80 ./system/src/stm32f4-hal/stm32f4xx_hal_rcc.o
 .debug_aranges
                0x000001d0       0x28 ./system/src/newlib/_exit.o
 .debug_aranges
                0x000001f8       0x40 ./system/src/newlib/_startup.o
 .debug_aranges
                0x00000238       0x30 ./system/src/newlib/_syscalls.o
 .debug_aranges
                0x00000268       0x28 ./system/src/cortexm/_initialize_hardware.o
 .debug_aranges
                0x00000290       0x20 ./system/src/cortexm/_reset_hardware.o
 .debug_aranges
                0x000002b0       0x80 ./system/src/cortexm/exception_handlers.o
 .debug_aranges
                0x00000330       0x28 ./system/src/cmsis/system_stm32f4xx.o
 .debug_aranges
                0x00000358       0x20 ./system/src/cmsis/vectors_stm32f401xc.o
 .debug_aranges
                0x00000378       0x18 ./src/MCAL/UART/UART_CNF.o
 .debug_aranges
                0x00000390       0x50 ./src/MCAL/UART/UART_program.o
 .debug_aranges
                0x000003e0       0x58 ./src/MCAL/STK/STK_prg.o
 .debug_aranges
                0x00000438       0x30 ./src/MCAL/RCC/RCC_prg.o
 .debug_aranges
                0x00000468       0x28 ./src/MCAL/NVIC/NVIC_program.o
 .debug_aranges
                0x00000490       0x18 ./src/MCAL/GPIO/GPIO_CNG.o
 .debug_aranges
                0x000004a8       0x58 ./src/MCAL/GPIO/GPIO_prg.o
 .debug_aranges
                0x00000500       0x38 ./src/MCAL/FMI/FMI_prg.o
 .debug_aranges
                0x00000538       0x30 ./src/APP/HexParser/HexParser_prg.o
 .debug_aranges
                0x00000568       0x28 ./src/_initialize_hardware.o
 .debug_aranges
                0x00000590       0x40 ./src/main.o
 .debug_aranges
                0x000005d0       0x20 ./src/stm32f4xx_hal_msp.o

.debug_pubnames
 *(.debug_pubnames)

.debug_info     0x00000000     0xb1c4
 *(.debug_info .gnu.linkonce.wi.*)
 .debug_info    0x00000000     0x1076 ./system/src/stm32f4-hal/stm32f4xx_hal.o
 .debug_info    0x00001076     0x15d1 ./system/src/stm32f4-hal/stm32f4xx_hal_cortex.o
 .debug_info    0x00002647     0x14a7 ./system/src/stm32f4-hal/stm32f4xx_hal_rcc.o
 .debug_info    0x00003aee      0x960 ./system/src/newlib/_exit.o
 .debug_info    0x0000444e      0x457 ./system/src/newlib/_startup.o
 .debug_info    0x000048a5      0xa15 ./system/src/newlib/_syscalls.o
 .debug_info    0x000052ba      0xada ./system/src/cortexm/_initialize_hardware.o
 .debug_info    0x00005d94      0xaec ./system/src/cortexm/_reset_hardware.o
 .debug_info    0x00006880      0xae5 ./system/src/cortexm/exception_handlers.o
 .debug_info    0x00007365      0xcfa ./system/src/cmsis/system_stm32f4xx.o
 .debug_info    0x0000805f       0xc6 ./system/src/cmsis/vectors_stm32f401xc.o
 .debug_info    0x00008125       0xda ./src/MCAL/UART/UART_CNF.o
 .debug_info    0x000081ff      0x24a ./src/MCAL/UART/UART_program.o
 .debug_info    0x00008449      0x1a5 ./src/MCAL/STK/STK_prg.o
 .debug_info    0x000085ee      0x204 ./src/MCAL/RCC/RCC_prg.o
 .debug_info    0x000087f2      0x169 ./src/MCAL/NVIC/NVIC_program.o
 .debug_info    0x0000895b      0x100 ./src/MCAL/GPIO/GPIO_CNG.o
 .debug_info    0x00008a5b      0x4ed ./src/MCAL/GPIO/GPIO_prg.o
 .debug_info    0x00008f48      0x1eb ./src/MCAL/FMI/FMI_prg.o
 .debug_info    0x00009133      0x366 ./src/APP/HexParser/HexParser_prg.o
 .debug_info    0x00009499      0xd30 ./src/_initialize_hardware.o
 .debug_info    0x0000a1c9      0x708 ./src/main.o
 .debug_info    0x0000a8d1      0x8f3 ./src/stm32f4xx_hal_msp.o

.debug_abbrev   0x00000000     0x27f0
 *(.debug_abbrev)
 .debug_abbrev  0x00000000      0x340 ./system/src/stm32f4-hal/stm32f4xx_hal.o
 .debug_abbrev  0x00000340      0x3d3 ./system/src/stm32f4-hal/stm32f4xx_hal_cortex.o
 .debug_abbrev  0x00000713      0x3ef ./system/src/stm32f4-hal/stm32f4xx_hal_rcc.o
 .debug_abbrev  0x00000b02      0x210 ./system/src/newlib/_exit.o
 .debug_abbrev  0x00000d12      0x1bf ./system/src/newlib/_startup.o
 .debug_abbrev  0x00000ed1      0x231 ./system/src/newlib/_syscalls.o
 .debug_abbrev  0x00001102      0x1e9 ./system/src/cortexm/_initialize_hardware.o
 .debug_abbrev  0x000012eb      0x201 ./system/src/cortexm/_reset_hardware.o
 .debug_abbrev  0x000014ec      0x1fe ./system/src/cortexm/exception_handlers.o
 .debug_abbrev  0x000016ea      0x213 ./system/src/cmsis/system_stm32f4xx.o
 .debug_abbrev  0x000018fd       0x9a ./system/src/cmsis/vectors_stm32f401xc.o
 .debug_abbrev  0x00001997       0x6f ./src/MCAL/UART/UART_CNF.o
 .debug_abbrev  0x00001a06      0x143 ./src/MCAL/UART/UART_program.o
 .debug_abbrev  0x00001b49       0xf3 ./src/MCAL/STK/STK_prg.o
 .debug_abbrev  0x00001c3c       0xa5 ./src/MCAL/RCC/RCC_prg.o
 .debug_abbrev  0x00001ce1       0xcd ./src/MCAL/NVIC/NVIC_program.o
 .debug_abbrev  0x00001dae       0x71 ./src/MCAL/GPIO/GPIO_CNG.o
 .debug_abbrev  0x00001e1f      0x190 ./src/MCAL/GPIO/GPIO_prg.o
 .debug_abbrev  0x00001faf       0xf1 ./src/MCAL/FMI/FMI_prg.o
 .debug_abbrev  0x000020a0      0x16a ./src/APP/HexParser/HexParser_prg.o
 .debug_abbrev  0x0000220a      0x238 ./src/_initialize_hardware.o
 .debug_abbrev  0x00002442      0x1e8 ./src/main.o
 .debug_abbrev  0x0000262a      0x1c6 ./src/stm32f4xx_hal_msp.o

.debug_line     0x00000000     0x2c28
 *(.debug_line)
 .debug_line    0x00000000      0x3e7 ./system/src/stm32f4-hal/stm32f4xx_hal.o
 .debug_line    0x000003e7      0x464 ./system/src/stm32f4-hal/stm32f4xx_hal_cortex.o
 .debug_line    0x0000084b      0x5d1 ./system/src/stm32f4-hal/stm32f4xx_hal_rcc.o
 .debug_line    0x00000e1c      0x257 ./system/src/newlib/_exit.o
 .debug_line    0x00001073      0x131 ./system/src/newlib/_startup.o
 .debug_line    0x000011a4      0x270 ./system/src/newlib/_syscalls.o
 .debug_line    0x00001414      0x1fd ./system/src/cortexm/_initialize_hardware.o
 .debug_line    0x00001611      0x209 ./system/src/cortexm/_reset_hardware.o
 .debug_line    0x0000181a      0x24f ./system/src/cortexm/exception_handlers.o
 .debug_line    0x00001a69      0x229 ./system/src/cmsis/system_stm32f4xx.o
 .debug_line    0x00001c92       0x5a ./system/src/cmsis/vectors_stm32f401xc.o
 .debug_line    0x00001cec       0x7a ./src/MCAL/UART/UART_CNF.o
 .debug_line    0x00001d66      0x12f ./src/MCAL/UART/UART_program.o
 .debug_line    0x00001e95      0x110 ./src/MCAL/STK/STK_prg.o
 .debug_line    0x00001fa5       0xb7 ./src/MCAL/RCC/RCC_prg.o
 .debug_line    0x0000205c       0x9e ./src/MCAL/NVIC/NVIC_program.o
 .debug_line    0x000020fa       0x74 ./src/MCAL/GPIO/GPIO_CNG.o
 .debug_line    0x0000216e      0x199 ./src/MCAL/GPIO/GPIO_prg.o
 .debug_line    0x00002307      0x120 ./src/MCAL/FMI/FMI_prg.o
 .debug_line    0x00002427      0x171 ./src/APP/HexParser/HexParser_prg.o
 .debug_line    0x00002598      0x29e ./src/_initialize_hardware.o
 .debug_line    0x00002836      0x21b ./src/main.o
 .debug_line    0x00002a51      0x1d7 ./src/stm32f4xx_hal_msp.o

.debug_frame    0x00000000      0xb64
 *(.debug_frame)
 .debug_frame   0x00000000      0x184 ./system/src/stm32f4-hal/stm32f4xx_hal.o
 .debug_frame   0x00000184      0x138 ./system/src/stm32f4-hal/stm32f4xx_hal_cortex.o
 .debug_frame   0x000002bc      0x140 ./system/src/stm32f4-hal/stm32f4xx_hal_rcc.o
 .debug_frame   0x000003fc       0x40 ./system/src/newlib/_exit.o
 .debug_frame   0x0000043c       0x80 ./system/src/newlib/_startup.o
 .debug_frame   0x000004bc       0x50 ./system/src/newlib/_syscalls.o
 .debug_frame   0x0000050c       0x38 ./system/src/cortexm/_initialize_hardware.o
 .debug_frame   0x00000544       0x20 ./system/src/cortexm/_reset_hardware.o
 .debug_frame   0x00000564       0xe0 ./system/src/cortexm/exception_handlers.o
 .debug_frame   0x00000644       0x38 ./system/src/cmsis/system_stm32f4xx.o
 .debug_frame   0x0000067c       0x20 ./system/src/cmsis/vectors_stm32f401xc.o
 .debug_frame   0x0000069c       0x9c ./src/MCAL/UART/UART_program.o
 .debug_frame   0x00000738       0x90 ./src/MCAL/STK/STK_prg.o
 .debug_frame   0x000007c8       0x40 ./src/MCAL/RCC/RCC_prg.o
 .debug_frame   0x00000808       0x30 ./src/MCAL/NVIC/NVIC_program.o
 .debug_frame   0x00000838       0xbc ./src/MCAL/GPIO/GPIO_prg.o
 .debug_frame   0x000008f4       0x70 ./src/MCAL/FMI/FMI_prg.o
 .debug_frame   0x00000964       0x70 ./src/APP/HexParser/HexParser_prg.o
 .debug_frame   0x000009d4       0x50 ./src/_initialize_hardware.o
 .debug_frame   0x00000a24       0x90 ./src/main.o
 .debug_frame   0x00000ab4       0x50 ./src/stm32f4xx_hal_msp.o
 .debug_frame   0x00000b04       0x2c g:/courses/arm (ahmed-assaf)/new folder/imt_arm_course/02- tools/03- imt sdk/imt_sdk_win_64/winarm/armgcc/bin/../lib/gcc/arm-none-eabi/7.2.1/thumb/v7e-m\libgcc.a(_aeabi_uldivmod.o)
 .debug_frame   0x00000b30       0x34 g:/courses/arm (ahmed-assaf)/new folder/imt_arm_course/02- tools/03- imt sdk/imt_sdk_win_64/winarm/armgcc/bin/../lib/gcc/arm-none-eabi/7.2.1/thumb/v7e-m\libgcc.a(_udivmoddi4.o)

.debug_str      0x00000000     0x203a
 *(.debug_str)
 .debug_str     0x00000000      0xcaf ./system/src/stm32f4-hal/stm32f4xx_hal.o
                                0xd3e (size before relaxing)
 .debug_str     0x00000caf      0x3a8 ./system/src/stm32f4-hal/stm32f4xx_hal_cortex.o
                                0xe86 (size before relaxing)
 .debug_str     0x00001057      0x337 ./system/src/stm32f4-hal/stm32f4xx_hal_rcc.o
                                0xac7 (size before relaxing)
 .debug_str     0x0000138e       0x7a ./system/src/newlib/_exit.o
                                0x608 (size before relaxing)
 .debug_str     0x00001408      0x1a3 ./system/src/newlib/_startup.o
                                0x370 (size before relaxing)
 .debug_str     0x000015ab       0x8a ./system/src/newlib/_syscalls.o
                                0x639 (size before relaxing)
 .debug_str     0x00001635       0x5e ./system/src/cortexm/_initialize_hardware.o
                                0x6ab (size before relaxing)
 .debug_str     0x00001693       0x28 ./system/src/cortexm/_reset_hardware.o
                                0x671 (size before relaxing)
 .debug_str     0x000016bb      0x11f ./system/src/cortexm/exception_handlers.o
                                0x701 (size before relaxing)
 .debug_str     0x000017da       0x31 ./system/src/cmsis/system_stm32f4xx.o
                                0x790 (size before relaxing)
 .debug_str     0x0000180b       0x59 ./system/src/cmsis/vectors_stm32f401xc.o
                                0x1f3 (size before relaxing)
 .debug_str     0x00001864       0x78 ./src/MCAL/UART/UART_CNF.o
                                0x1fe (size before relaxing)
 .debug_str     0x000018dc      0x116 ./src/MCAL/UART/UART_program.o
                                0x2f8 (size before relaxing)
 .debug_str     0x000019f2       0xe1 ./src/MCAL/STK/STK_prg.o
                                0x28d (size before relaxing)
 .debug_str     0x00001ad3       0xb0 ./src/MCAL/RCC/RCC_prg.o
                                0x2b5 (size before relaxing)
 .debug_str     0x00001b83       0x77 ./src/MCAL/NVIC/NVIC_program.o
                                0x224 (size before relaxing)
 .debug_str     0x00001bfa       0x38 ./src/MCAL/GPIO/GPIO_CNG.o
                                0x1ea (size before relaxing)
 .debug_str     0x00001c32      0x151 ./src/MCAL/GPIO/GPIO_prg.o
                                0x344 (size before relaxing)
 .debug_str     0x00001d83       0xb4 ./src/MCAL/FMI/FMI_prg.o
                                0x253 (size before relaxing)
 .debug_str     0x00001e37      0x104 ./src/APP/HexParser/HexParser_prg.o
                                0x2ad (size before relaxing)
 .debug_str     0x00001f3b       0x31 ./src/_initialize_hardware.o
                                0x8bb (size before relaxing)
 .debug_str     0x00001f6c       0x91 ./src/main.o
                                0x4b3 (size before relaxing)
 .debug_str     0x00001ffd       0x3d ./src/stm32f4xx_hal_msp.o
                                0x60c (size before relaxing)

.debug_loc      0x00000000     0x1b51
 *(.debug_loc)
 .debug_loc     0x00000000       0x92 ./system/src/stm32f4-hal/stm32f4xx_hal.o
 .debug_loc     0x00000092      0x47a ./system/src/stm32f4-hal/stm32f4xx_hal_cortex.o
 .debug_loc     0x0000050c      0x495 ./system/src/stm32f4-hal/stm32f4xx_hal_rcc.o
 .debug_loc     0x000009a1       0x21 ./system/src/newlib/_exit.o
 .debug_loc     0x000009c2      0x22d ./system/src/newlib/_startup.o
 .debug_loc     0x00000bef       0x63 ./system/src/newlib/_syscalls.o
 .debug_loc     0x00000c52      0x11c ./system/src/cmsis/system_stm32f4xx.o
 .debug_loc     0x00000d6e       0x9d ./src/MCAL/UART/UART_program.o
 .debug_loc     0x00000e0b      0x214 ./src/MCAL/RCC/RCC_prg.o
 .debug_loc     0x0000101f       0x42 ./src/MCAL/NVIC/NVIC_program.o
 .debug_loc     0x00001061      0x614 ./src/MCAL/GPIO/GPIO_prg.o
 .debug_loc     0x00001675      0x10b ./src/MCAL/FMI/FMI_prg.o
 .debug_loc     0x00001780      0x367 ./src/APP/HexParser/HexParser_prg.o
 .debug_loc     0x00001ae7       0x6a ./src/main.o

.debug_macinfo
 *(.debug_macinfo)

.debug_weaknames
 *(.debug_weaknames)

.debug_funcnames
 *(.debug_funcnames)

.debug_typenames
 *(.debug_typenames)

.debug_varnames
 *(.debug_varnames)
OUTPUT(BootLoader_DRIVER.elf elf32-littlearm)

.debug_ranges   0x00000000      0x738
 .debug_ranges  0x00000000       0xa8 ./system/src/stm32f4-hal/stm32f4xx_hal.o
 .debug_ranges  0x000000a8      0x128 ./system/src/stm32f4-hal/stm32f4xx_hal_cortex.o
 .debug_ranges  0x000001d0      0x168 ./system/src/stm32f4-hal/stm32f4xx_hal_rcc.o
 .debug_ranges  0x00000338       0x18 ./system/src/newlib/_exit.o
 .debug_ranges  0x00000350       0xd0 ./system/src/newlib/_startup.o
 .debug_ranges  0x00000420       0x20 ./system/src/newlib/_syscalls.o
 .debug_ranges  0x00000440       0x18 ./system/src/cortexm/_initialize_hardware.o
 .debug_ranges  0x00000458       0x10 ./system/src/cortexm/_reset_hardware.o
 .debug_ranges  0x00000468       0x70 ./system/src/cortexm/exception_handlers.o
 .debug_ranges  0x000004d8       0x18 ./system/src/cmsis/system_stm32f4xx.o
 .debug_ranges  0x000004f0       0x10 ./system/src/cmsis/vectors_stm32f401xc.o
 .debug_ranges  0x00000500       0x40 ./src/MCAL/UART/UART_program.o
 .debug_ranges  0x00000540       0x48 ./src/MCAL/STK/STK_prg.o
 .debug_ranges  0x00000588       0x20 ./src/MCAL/RCC/RCC_prg.o
 .debug_ranges  0x000005a8       0x18 ./src/MCAL/NVIC/NVIC_program.o
 .debug_ranges  0x000005c0       0x48 ./src/MCAL/GPIO/GPIO_prg.o
 .debug_ranges  0x00000608       0x58 ./src/MCAL/FMI/FMI_prg.o
 .debug_ranges  0x00000660       0x60 ./src/APP/HexParser/HexParser_prg.o
 .debug_ranges  0x000006c0       0x18 ./src/_initialize_hardware.o
 .debug_ranges  0x000006d8       0x50 ./src/main.o
 .debug_ranges  0x00000728       0x10 ./src/stm32f4xx_hal_msp.o
